令和7年6月
7日 (土) 
から同年7
月7日 (月)
までの間、
意見募集を
行いました。
7月の日本
の月平均気
温は、統計
開始(1898
年)以降の7
月として最
も高くなり
ました。ま
た、東北日
本海側と北
陸地方では
降水量が記
録的に少な
くなりまし
た。
