キリスト・イエスのしもべ、神の福音のた
めに選び出され、使徒として召されたパウ
ロから。

──この福音は、神がご自分の預言者たちを
通して、聖書にあらかじめ約束されたもの
で、

御子に関するものです。御子は、肉によれ
ばダビデの子孫から生まれ、

聖なる霊によれば、死者の中からの復活に
より、力ある神の子として公に示された方、
私たちの主イエス・キリストです。

この方によって、私たちは恵みと使徒の務
めを受けました。御名のために、すべての
異邦人の中に信仰の従順をもたらすためで
す。

その異邦人たちの中にあって、あなたがた
も召されてイエス・キリストのものとなり
ました──

ローマにいるすべての、神に愛され、召さ
れた聖徒たちへ。私たちの父なる神と主イ
エス・キリストから、恵みと平安があなた
がたにありますように。

